Archive member included because of file (symbol)

c:/program files (x86)/gnu tools arm embedded/4.9 2015q1/bin/../lib/gcc/arm-none-eabi/4.9.3/armv6-m\libgcc.a(_udivsi3.o)
                              ..\obj\stm32f0xx_rcc.o (__aeabi_uidiv)
c:/program files (x86)/gnu tools arm embedded/4.9 2015q1/bin/../lib/gcc/arm-none-eabi/4.9.3/armv6-m\libgcc.a(_dvmd_tls.o)
                              c:/program files (x86)/gnu tools arm embedded/4.9 2015q1/bin/../lib/gcc/arm-none-eabi/4.9.3/armv6-m\libgcc.a(_udivsi3.o) (__aeabi_idiv0)

Discarded input sections

 .text          0x00000000        0x0 ..\obj\stm32f0xx_rcc.o
 .data          0x00000000       0x10 ..\obj\stm32f0xx_rcc.o
 .bss           0x00000000        0x0 ..\obj\stm32f0xx_rcc.o
 .text.RCC_DeInit
                0x00000000       0x88 ..\obj\stm32f0xx_rcc.o
 .text.RCC_HSEConfig
                0x00000000       0x24 ..\obj\stm32f0xx_rcc.o
 .text.RCC_WaitForHSEStartUp
                0x00000000       0x60 ..\obj\stm32f0xx_rcc.o
 .text.RCC_AdjustHSICalibrationValue
                0x00000000       0x3c ..\obj\stm32f0xx_rcc.o
 .text.RCC_HSICmd
                0x00000000       0x38 ..\obj\stm32f0xx_rcc.o
 .text.RCC_AdjustHSI14CalibrationValue
                0x00000000       0x3c ..\obj\stm32f0xx_rcc.o
 .text.RCC_HSI14Cmd
                0x00000000       0x38 ..\obj\stm32f0xx_rcc.o
 .text.RCC_HSI14ADCRequestCmd
                0x00000000       0x38 ..\obj\stm32f0xx_rcc.o
 .text.RCC_LSEConfig
                0x00000000       0x38 ..\obj\stm32f0xx_rcc.o
 .text.RCC_LSEDriveConfig
                0x00000000       0x2c ..\obj\stm32f0xx_rcc.o
 .text.RCC_LSICmd
                0x00000000       0x38 ..\obj\stm32f0xx_rcc.o
 .text.RCC_PLLConfig
                0x00000000       0x34 ..\obj\stm32f0xx_rcc.o
 .text.RCC_PLLCmd
                0x00000000       0x40 ..\obj\stm32f0xx_rcc.o
 .text.RCC_HSI48Cmd
                0x00000000       0x40 ..\obj\stm32f0xx_rcc.o
 .text.RCC_PREDIV1Config
                0x00000000       0x34 ..\obj\stm32f0xx_rcc.o
 .text.RCC_ClockSecuritySystemCmd
                0x00000000       0x40 ..\obj\stm32f0xx_rcc.o
 .text.RCC_MCOConfig
                0x00000000       0x44 ..\obj\stm32f0xx_rcc.o
 .text.RCC_SYSCLKConfig
                0x00000000       0x34 ..\obj\stm32f0xx_rcc.o
 .text.RCC_GetSYSCLKSource
                0x00000000       0x1c ..\obj\stm32f0xx_rcc.o
 .text.RCC_HCLKConfig
                0x00000000       0x34 ..\obj\stm32f0xx_rcc.o
 .text.RCC_PCLKConfig
                0x00000000       0x38 ..\obj\stm32f0xx_rcc.o
 .text.RCC_ADCCLKConfig
                0x00000000       0x50 ..\obj\stm32f0xx_rcc.o
 .text.RCC_CECCLKConfig
                0x00000000       0x2c ..\obj\stm32f0xx_rcc.o
 .text.RCC_I2CCLKConfig
                0x00000000       0x2c ..\obj\stm32f0xx_rcc.o
 .text.RCC_USARTCLKConfig
                0x00000000       0x4c ..\obj\stm32f0xx_rcc.o
 .text.RCC_USBCLKConfig
                0x00000000       0x2c ..\obj\stm32f0xx_rcc.o
 .text.RCC_GetClocksFreq
                0x00000000      0x264 ..\obj\stm32f0xx_rcc.o
 .text.RCC_RTCCLKConfig
                0x00000000       0x20 ..\obj\stm32f0xx_rcc.o
 .text.RCC_RTCCLKCmd
                0x00000000       0x40 ..\obj\stm32f0xx_rcc.o
 .text.RCC_BackupResetCmd
                0x00000000       0x40 ..\obj\stm32f0xx_rcc.o
 .text.RCC_APB2PeriphClockCmd
                0x00000000       0x3c ..\obj\stm32f0xx_rcc.o
 .text.RCC_AHBPeriphResetCmd
                0x00000000       0x3c ..\obj\stm32f0xx_rcc.o
 .text.RCC_APB2PeriphResetCmd
                0x00000000       0x3c ..\obj\stm32f0xx_rcc.o
 .text.RCC_ITConfig
                0x00000000       0x50 ..\obj\stm32f0xx_rcc.o
 .text.RCC_GetFlagStatus
                0x00000000       0x94 ..\obj\stm32f0xx_rcc.o
 .text.RCC_ClearFlag
                0x00000000       0x1c ..\obj\stm32f0xx_rcc.o
 .text.RCC_GetITStatus
                0x00000000       0x44 ..\obj\stm32f0xx_rcc.o
 .text.RCC_ClearITPendingBit
                0x00000000       0x20 ..\obj\stm32f0xx_rcc.o
 .text          0x00000000        0x0 ..\obj\main.o
 .data          0x00000000        0x0 ..\obj\main.o
 .text          0x00000000       0x14 ..\obj\startup_stm32f0xx.o
 .data          0x00000000        0x0 ..\obj\startup_stm32f0xx.o
 .bss           0x00000000        0x0 ..\obj\startup_stm32f0xx.o
 .text          0x00000000        0x0 ..\obj\stm32f0xx_gpio.o
 .data          0x00000000        0x0 ..\obj\stm32f0xx_gpio.o
 .bss           0x00000000        0x0 ..\obj\stm32f0xx_gpio.o
 .text.GPIO_DeInit
                0x00000000       0xf0 ..\obj\stm32f0xx_gpio.o
 .text.GPIO_StructInit
                0x00000000       0x30 ..\obj\stm32f0xx_gpio.o
 .text.GPIO_PinLockConfig
                0x00000000       0x44 ..\obj\stm32f0xx_gpio.o
 .text.GPIO_ReadInputData
                0x00000000       0x18 ..\obj\stm32f0xx_gpio.o
 .text.GPIO_ReadOutputDataBit
                0x00000000       0x48 ..\obj\stm32f0xx_gpio.o
 .text.GPIO_ReadOutputData
                0x00000000       0x18 ..\obj\stm32f0xx_gpio.o
 .text.GPIO_WriteBit
                0x00000000       0x38 ..\obj\stm32f0xx_gpio.o
 .text.GPIO_Write
                0x00000000       0x1c ..\obj\stm32f0xx_gpio.o
 .text          0x00000000        0x0 ..\obj\system_stm32f0xx.o
 .bss           0x00000000        0x0 ..\obj\system_stm32f0xx.o
 .text.SystemCoreClockUpdate
                0x00000000       0xd4 ..\obj\system_stm32f0xx.o
 .text          0x00000000        0x0 ..\obj\stm32f0xx_exti.o
 .data          0x00000000        0x0 ..\obj\stm32f0xx_exti.o
 .bss           0x00000000        0x0 ..\obj\stm32f0xx_exti.o
 .text.EXTI_DeInit
                0x00000000       0x34 ..\obj\stm32f0xx_exti.o
 .text.EXTI_Init
                0x00000000       0xe0 ..\obj\stm32f0xx_exti.o
 .text.EXTI_StructInit
                0x00000000       0x28 ..\obj\stm32f0xx_exti.o
 .text.EXTI_GenerateSWInterrupt
                0x00000000       0x20 ..\obj\stm32f0xx_exti.o
 .text.EXTI_GetFlagStatus
                0x00000000       0x40 ..\obj\stm32f0xx_exti.o
 .text.EXTI_ClearFlag
                0x00000000       0x18 ..\obj\stm32f0xx_exti.o
 .text.EXTI_GetITStatus
                0x00000000       0x40 ..\obj\stm32f0xx_exti.o
 .text.EXTI_ClearITPendingBit
                0x00000000       0x18 ..\obj\stm32f0xx_exti.o
 .debug_info    0x00000000      0x30d ..\obj\stm32f0xx_exti.o
 .debug_abbrev  0x00000000      0x192 ..\obj\stm32f0xx_exti.o
 .debug_aranges
                0x00000000       0x58 ..\obj\stm32f0xx_exti.o
 .debug_ranges  0x00000000       0x48 ..\obj\stm32f0xx_exti.o
 .debug_line    0x00000000      0x2b4 ..\obj\stm32f0xx_exti.o
 .debug_str     0x00000000      0x344 ..\obj\stm32f0xx_exti.o
 .comment       0x00000000       0x71 ..\obj\stm32f0xx_exti.o
 .debug_frame   0x00000000      0x10c ..\obj\stm32f0xx_exti.o
 .ARM.attributes
                0x00000000       0x31 ..\obj\stm32f0xx_exti.o
 .text          0x00000000        0x0 ..\obj\stm32f0xx_can.o
 .data          0x00000000        0x0 ..\obj\stm32f0xx_can.o
 .bss           0x00000000        0x0 ..\obj\stm32f0xx_can.o
 .text.CAN_SlaveStartBank
                0x00000000       0x70 ..\obj\stm32f0xx_can.o
 .text.CAN_DBGFreeze
                0x00000000       0x3c ..\obj\stm32f0xx_can.o
 .text.CAN_TTComModeCmd
                0x00000000       0xc8 ..\obj\stm32f0xx_can.o
 .text.CAN_TransmitStatus
                0x00000000       0xd4 ..\obj\stm32f0xx_can.o
 .text.CAN_CancelTransmit
                0x00000000       0x54 ..\obj\stm32f0xx_can.o
 .text.CAN_FIFORelease
                0x00000000       0x38 ..\obj\stm32f0xx_can.o
 .text.CAN_MessagePending
                0x00000000       0x60 ..\obj\stm32f0xx_can.o
 .text.CAN_OperatingModeRequest
                0x00000000      0x124 ..\obj\stm32f0xx_can.o
 .text.CAN_Sleep
                0x00000000       0x44 ..\obj\stm32f0xx_can.o
 .text.CAN_WakeUp
                0x00000000       0x60 ..\obj\stm32f0xx_can.o
 .text.CAN_GetLastErrorCode
                0x00000000       0x30 ..\obj\stm32f0xx_can.o
 .text.CAN_GetReceiveErrorCounter
                0x00000000       0x2c ..\obj\stm32f0xx_can.o
 .text.CAN_GetLSBTransmitErrorCounter
                0x00000000       0x30 ..\obj\stm32f0xx_can.o
 .text.CAN_GetFlagStatus
                0x00000000       0xf0 ..\obj\stm32f0xx_can.o
 .text.CAN_ClearFlag
                0x00000000       0x6c ..\obj\stm32f0xx_can.o
 .text.CAN_GetITStatus
                0x00000000      0x1f0 ..\obj\stm32f0xx_can.o
 .text.CAN_ClearITPendingBit
                0x00000000       0xe8 ..\obj\stm32f0xx_can.o
 .text.CheckITStatus
                0x00000000       0x3c ..\obj\stm32f0xx_can.o
 .text          0x00000000        0x0 ..\obj\stm32f0xx_misc.o
 .data          0x00000000        0x0 ..\obj\stm32f0xx_misc.o
 .bss           0x00000000        0x0 ..\obj\stm32f0xx_misc.o
 .text.NVIC_SystemLPConfig
                0x00000000       0x44 ..\obj\stm32f0xx_misc.o
 .text.SysTick_CLKSourceConfig
                0x00000000       0x34 ..\obj\stm32f0xx_misc.o
 .data          0x00000000        0x0 c:/program files (x86)/gnu tools arm embedded/4.9 2015q1/bin/../lib/gcc/arm-none-eabi/4.9.3/armv6-m\libgcc.a(_udivsi3.o)
 .bss           0x00000000        0x0 c:/program files (x86)/gnu tools arm embedded/4.9 2015q1/bin/../lib/gcc/arm-none-eabi/4.9.3/armv6-m\libgcc.a(_udivsi3.o)
 .data          0x00000000        0x0 c:/program files (x86)/gnu tools arm embedded/4.9 2015q1/bin/../lib/gcc/arm-none-eabi/4.9.3/armv6-m\libgcc.a(_dvmd_tls.o)
 .bss           0x00000000        0x0 c:/program files (x86)/gnu tools arm embedded/4.9 2015q1/bin/../lib/gcc/arm-none-eabi/4.9.3/armv6-m\libgcc.a(_dvmd_tls.o)

Memory Configuration

Name             Origin             Length             Attributes
rom              0x08000000         0x00020000         xr
ram              0x20000000         0x00004000         xrw
*default*        0x00000000         0xffffffff

Linker script and memory map

                0x20004000                _eram = 0x20004000

.text           0x08000000     0x1560
 *(.isr_vector)
 .isr_vector    0x08000000       0xc4 ..\obj\startup_stm32f0xx.o
                0x08000000                g_pfnVectors
 *(.text*)
 .text.RCC_AHBPeriphClockCmd
                0x080000c4       0x3c ..\obj\stm32f0xx_rcc.o
                0x080000c4                RCC_AHBPeriphClockCmd
 .text.RCC_APB1PeriphClockCmd
                0x08000100       0x3c ..\obj\stm32f0xx_rcc.o
                0x08000100                RCC_APB1PeriphClockCmd
 .text.RCC_APB1PeriphResetCmd
                0x0800013c       0x3c ..\obj\stm32f0xx_rcc.o
                0x0800013c                RCC_APB1PeriphResetCmd
 .text.NVIC_SetPriority
                0x08000178       0xd4 ..\obj\main.o
 .text.SysTick_Config
                0x0800024c       0x4c ..\obj\main.o
 .text.main     0x08000298       0x2c ..\obj\main.o
                0x08000298                main
 .text.GPIOInit
                0x080002c4      0x194 ..\obj\main.o
                0x080002c4                GPIOInit
 .text.CANInit  0x08000458      0x100 ..\obj\main.o
                0x08000458                CANInit
 .text.TransmitTrigger
                0x08000558       0x44 ..\obj\main.o
                0x08000558                TransmitTrigger
 .text.display  0x0800059c       0xd4 ..\obj\main.o
                0x0800059c                display
 .text.CEC_CAN_IRQHandler
                0x08000670       0xf4 ..\obj\main.o
                0x08000670                CEC_CAN_IRQHandler
 .text.SysTick_Handler
                0x08000764       0x8c ..\obj\main.o
                0x08000764                SysTick_Handler
 .text.Reset_Handler
                0x080007f0       0x44 ..\obj\startup_stm32f0xx.o
                0x080007f0                Reset_Handler
 .text.Default_Handler
                0x08000834        0x2 ..\obj\startup_stm32f0xx.o
                0x08000834                PVD_VDDUSB_LP_IRQHandler
                0x08000834                TIM1_CC_IRQHandler
                0x08000834                HardFault_Handler
                0x08000834                ADC1_COMP_IRQHandler
                0x08000834                PendSV_Handler
                0x08000834                NMI_Handler
                0x08000834                I2C1_IRQHandler
                0x08000834                RCC_CRS_IRQHandler
                0x08000834                SPI1_IRQHandler
                0x08000834                TIM6_DAC_IRQHandler
                0x08000834                USART3_4_IRQHandler
                0x08000834                EXTI2_3_IRQHandler
                0x08000834                I2C2_IRQHandler
                0x08000834                TIM17_IRQHandler
                0x08000834                RTC_IRQHandler
                0x08000834                DMA1_Channel4_5_6_7_IRQHandler
                0x08000834                TIM16_IRQHandler
                0x08000834                TIM3_IRQHandler
                0x08000834                EXTI4_15_IRQHandler
                0x08000834                DMA1_Channel1_IRQHandler
                0x08000834                Default_Handler
                0x08000834                TIM14_IRQHandler
                0x08000834                TIM7_IRQHandler
                0x08000834                TIM15_IRQHandler
                0x08000834                EXTI0_1_IRQHandler
                0x08000834                SPI2_IRQHandler
                0x08000834                SVC_Handler
                0x08000834                USB_LP_IRQHandler
                0x08000834                TS_IRQHandler
                0x08000834                WWDG_IRQHandler
                0x08000834                TIM2_IRQHandler
                0x08000834                DMA1_Channel2_3_IRQHandler
                0x08000834                USART2_IRQHandler
                0x08000834                FLASH_IRQHandler
                0x08000834                USART1_IRQHandler
                0x08000834                TIM1_BRK_UP_TRG_COM_IRQHandler
 *fill*         0x08000836        0x2 
 .text.GPIO_Init
                0x08000838      0x124 ..\obj\stm32f0xx_gpio.o
                0x08000838                GPIO_Init
 .text.GPIO_ReadInputDataBit
                0x0800095c       0x48 ..\obj\stm32f0xx_gpio.o
                0x0800095c                GPIO_ReadInputDataBit
 .text.GPIO_SetBits
                0x080009a4       0x1c ..\obj\stm32f0xx_gpio.o
                0x080009a4                GPIO_SetBits
 .text.GPIO_ResetBits
                0x080009c0       0x1c ..\obj\stm32f0xx_gpio.o
                0x080009c0                GPIO_ResetBits
 .text.GPIO_PinAFConfig
                0x080009dc       0xa0 ..\obj\stm32f0xx_gpio.o
                0x080009dc                GPIO_PinAFConfig
 .text.SystemInit
                0x08000a7c       0x8c ..\obj\system_stm32f0xx.o
                0x08000a7c                SystemInit
 .text.SetSysClock
                0x08000b08       0xe0 ..\obj\system_stm32f0xx.o
 .text.CAN_DeInit
                0x08000be8       0x28 ..\obj\stm32f0xx_can.o
                0x08000be8                CAN_DeInit
 .text.CAN_Init
                0x08000c10      0x1bc ..\obj\stm32f0xx_can.o
                0x08000c10                CAN_Init
 .text.CAN_FilterInit
                0x08000dcc      0x19c ..\obj\stm32f0xx_can.o
                0x08000dcc                CAN_FilterInit
 .text.CAN_StructInit
                0x08000f68       0x50 ..\obj\stm32f0xx_can.o
                0x08000f68                CAN_StructInit
 .text.CAN_Transmit
                0x08000fb8      0x1d8 ..\obj\stm32f0xx_can.o
                0x08000fb8                CAN_Transmit
 .text.CAN_Receive
                0x08001190      0x1b4 ..\obj\stm32f0xx_can.o
                0x08001190                CAN_Receive
 .text.CAN_ITConfig
                0x08001344       0x38 ..\obj\stm32f0xx_can.o
                0x08001344                CAN_ITConfig
 .text.NVIC_Init
                0x0800137c       0xa8 ..\obj\stm32f0xx_misc.o
                0x0800137c                NVIC_Init
 .text          0x08001424      0x120 c:/program files (x86)/gnu tools arm embedded/4.9 2015q1/bin/../lib/gcc/arm-none-eabi/4.9.3/armv6-m\libgcc.a(_udivsi3.o)
                0x08001424                __aeabi_uidiv
                0x08001424                __udivsi3
                0x08001530                __aeabi_uidivmod
 .text          0x08001544        0x4 c:/program files (x86)/gnu tools arm embedded/4.9 2015q1/bin/../lib/gcc/arm-none-eabi/4.9.3/armv6-m\libgcc.a(_dvmd_tls.o)
                0x08001544                __aeabi_idiv0
                0x08001544                __aeabi_ldiv0
 *(.init)
 *(.fini)
 *crtbegin.o(.ctors)
 *crtbegin?.o(.ctors)
 *(EXCLUDE_FILE(*crtend.o *crtend?.o) .ctors)
 *(SORT(.ctors.*))
 *(.ctors)
 *crtbegin.o(.dtors)
 *crtbegin?.o(.dtors)
 *(EXCLUDE_FILE(*crtend.o *crtend?.o) .dtors)
 *(SORT(.dtors.*))
 *(.dtors)
 *(.rodata*)
 .rodata        0x08001548       0x18 ..\obj\main.o
 *(.eh_fram e*)

.glue_7         0x08001560        0x0
 .glue_7        0x00000000        0x0 linker stubs

.glue_7t        0x08001560        0x0
 .glue_7t       0x00000000        0x0 linker stubs

.vfp11_veneer   0x08001560        0x0
 .vfp11_veneer  0x00000000        0x0 linker stubs

.v4_bx          0x08001560        0x0
 .v4_bx         0x00000000        0x0 linker stubs

.iplt           0x08001560        0x0
 .iplt          0x00000000        0x0 ..\obj\stm32f0xx_rcc.o

.rel.dyn        0x08001560        0x0
 .rel.iplt      0x00000000        0x0 ..\obj\stm32f0xx_rcc.o

.ARM.extab
 *(.ARM.extab* .gnu.linkonce.armextab.*)
                0x08001560                __exidx_start = .

.ARM.exidx
 *(.ARM.exidx* .gnu.linkonce.armexidx.*)
                0x08001560                __exidx_end = .
                0x08001560                __etext = .
                0x08001560                _sidata = __etext

.data           0x20000000       0x14 load address 0x08001560
                0x20000000                __data_start__ = .
                0x20000000                _sdata = __data_start__
 *(vtable)
 *(.data*)
 .data          0x20000000       0x14 ..\obj\system_stm32f0xx.o
                0x20000000                SystemCoreClock
                0x20000004                AHBPrescTable
                0x20000014                . = ALIGN (0x4)
                0x20000014                PROVIDE (__preinit_array_start, .)
 *(.preinit_array)
                0x20000014                PROVIDE (__preinit_array_end, .)
                0x20000014                . = ALIGN (0x4)
                0x20000014                PROVIDE (__init_array_start, .)
 *(SORT(.init_array.*))
 *(.init_array)
                0x20000014                PROVIDE (__init_array_end, .)
                0x20000014                . = ALIGN (0x4)
                0x20000014                PROVIDE (__fini_array_start, .)
 *(SORT(.fini_array.*))
 *(.fini_array)
                0x20000014                PROVIDE (__fini_array_end, .)
 *(.jcr*)
                0x20000014                . = ALIGN (0x4)
                0x20000014                __data_end__ = .
                0x20000014                _edata = __data_end__

.igot.plt       0x20000014        0x0 load address 0x08001574
 .igot.plt      0x00000000        0x0 ..\obj\stm32f0xx_rcc.o

.bss            0x20000014       0x14 load address 0x08001574
                0x20000014                . = ALIGN (0x4)
                0x20000014                __bss_start__ = .
                0x20000014                _sbss = __bss_start__
 *(.bss*)
 .bss           0x20000014       0x14 ..\obj\main.o
 *(COMMON)
                0x20000028                . = ALIGN (0x4)
                0x20000028                __bss_end__ = .
                0x20000028                _ebss = __bss_end__

.heap           0x20000028        0x0
                0x20000028                __end__ = .
                0x20000028                _end = __end__
                0x20000028                end = __end__
 *(.heap*)
                0x20000028                __HeapLimit = .

.co_stack       0x20000028        0x0
                0x20000028                . = ALIGN (0x8)
 *(.co_stack .co_stack.*)
                0x20004000                __StackTop = (ORIGIN (ram) + 0x4000)
                0x20004000                __StackLimit = (__StackTop - SIZEOF (.co_stack))
                0x20004000                PROVIDE (__stack, __StackTop)
                0x00000001                ASSERT ((__StackLimit >= __HeapLimit), region ram  overflowed with stack)
LOAD ..\obj\stm32f0xx_rcc.o
LOAD ..\obj\main.o
LOAD ..\obj\startup_stm32f0xx.o
LOAD ..\obj\stm32f0xx_gpio.o
LOAD ..\obj\system_stm32f0xx.o
LOAD ..\obj\stm32f0xx_exti.o
LOAD ..\obj\stm32f0xx_can.o
LOAD ..\obj\stm32f0xx_misc.o
START GROUP
LOAD c:/program files (x86)/gnu tools arm embedded/4.9 2015q1/bin/../lib/gcc/arm-none-eabi/4.9.3/armv6-m\libgcc.a
LOAD c:/program files (x86)/gnu tools arm embedded/4.9 2015q1/bin/../lib/gcc/arm-none-eabi/4.9.3/../../../../arm-none-eabi/lib/armv6-m\libg.a
LOAD c:/program files (x86)/gnu tools arm embedded/4.9 2015q1/bin/../lib/gcc/arm-none-eabi/4.9.3/../../../../arm-none-eabi/lib/armv6-m\libc.a
END GROUP
OUTPUT(Dashboard.elf elf32-littlearm)

.debug_info     0x00000000     0x2e67
 .debug_info    0x00000000      0xa2b ..\obj\stm32f0xx_rcc.o
 .debug_info    0x00000a2b      0xbc6 ..\obj\main.o
 .debug_info    0x000015f1       0xdd ..\obj\startup_stm32f0xx.o
 .debug_info    0x000016ce      0x5cf ..\obj\stm32f0xx_gpio.o
 .debug_info    0x00001c9d      0x2ef ..\obj\system_stm32f0xx.o
 .debug_info    0x00001f8c      0xb71 ..\obj\stm32f0xx_can.o
 .debug_info    0x00002afd      0x36a ..\obj\stm32f0xx_misc.o

.debug_abbrev   0x00000000      0x9dd
 .debug_abbrev  0x00000000      0x1ec ..\obj\stm32f0xx_rcc.o
 .debug_abbrev  0x000001ec      0x1ed ..\obj\main.o
 .debug_abbrev  0x000003d9       0x12 ..\obj\startup_stm32f0xx.o
 .debug_abbrev  0x000003eb      0x19b ..\obj\stm32f0xx_gpio.o
 .debug_abbrev  0x00000586      0x134 ..\obj\system_stm32f0xx.o
 .debug_abbrev  0x000006ba      0x1e0 ..\obj\stm32f0xx_can.o
 .debug_abbrev  0x0000089a      0x143 ..\obj\stm32f0xx_misc.o

.debug_aranges  0x00000000      0x3a8
 .debug_aranges
                0x00000000      0x160 ..\obj\stm32f0xx_rcc.o
 .debug_aranges
                0x00000160       0x60 ..\obj\main.o
 .debug_aranges
                0x000001c0       0x28 ..\obj\startup_stm32f0xx.o
 .debug_aranges
                0x000001e8       0x80 ..\obj\stm32f0xx_gpio.o
 .debug_aranges
                0x00000268       0x30 ..\obj\system_stm32f0xx.o
 .debug_aranges
                0x00000298       0xe0 ..\obj\stm32f0xx_can.o
 .debug_aranges
                0x00000378       0x30 ..\obj\stm32f0xx_misc.o

.debug_ranges   0x00000000      0x340
 .debug_ranges  0x00000000      0x150 ..\obj\stm32f0xx_rcc.o
 .debug_ranges  0x00000150       0x50 ..\obj\main.o
 .debug_ranges  0x000001a0       0x20 ..\obj\startup_stm32f0xx.o
 .debug_ranges  0x000001c0       0x70 ..\obj\stm32f0xx_gpio.o
 .debug_ranges  0x00000230       0x20 ..\obj\system_stm32f0xx.o
 .debug_ranges  0x00000250       0xd0 ..\obj\stm32f0xx_can.o
 .debug_ranges  0x00000320       0x20 ..\obj\stm32f0xx_misc.o

.debug_line     0x00000000     0x17a6
 .debug_line    0x00000000      0x5a1 ..\obj\stm32f0xx_rcc.o
 .debug_line    0x000005a1      0x3e2 ..\obj\main.o
 .debug_line    0x00000983       0xc4 ..\obj\startup_stm32f0xx.o
 .debug_line    0x00000a47      0x340 ..\obj\stm32f0xx_gpio.o
 .debug_line    0x00000d87      0x216 ..\obj\system_stm32f0xx.o
 .debug_line    0x00000f9d      0x56b ..\obj\stm32f0xx_can.o
 .debug_line    0x00001508      0x29e ..\obj\stm32f0xx_misc.o

.debug_str      0x00000000     0x14f7
 .debug_str     0x00000000      0x6f6 ..\obj\stm32f0xx_rcc.o
                                0x799 (size before relaxing)
 .debug_str     0x000006f6      0x7a9 ..\obj\main.o
                                0x923 (size before relaxing)
 .debug_str     0x00000e9f      0x1aa ..\obj\stm32f0xx_gpio.o
                                0x4a1 (size before relaxing)
 .debug_str     0x00001049       0xa3 ..\obj\system_stm32f0xx.o
                                0x29b (size before relaxing)
 .debug_str     0x000010ec      0x339 ..\obj\stm32f0xx_can.o
                                0x736 (size before relaxing)
 .debug_str     0x00001425       0xd2 ..\obj\stm32f0xx_misc.o
                                0x30b (size before relaxing)

.comment        0x00000000       0x70
 .comment       0x00000000       0x70 ..\obj\stm32f0xx_rcc.o
                                 0x71 (size before relaxing)
 .comment       0x00000000       0x71 ..\obj\main.o
 .comment       0x00000000       0x71 ..\obj\stm32f0xx_gpio.o
 .comment       0x00000000       0x71 ..\obj\system_stm32f0xx.o
 .comment       0x00000000       0x71 ..\obj\stm32f0xx_can.o
 .comment       0x00000000       0x71 ..\obj\stm32f0xx_misc.o

.ARM.attributes
                0x00000000       0x2f
 .ARM.attributes
                0x00000000       0x31 ..\obj\stm32f0xx_rcc.o
 .ARM.attributes
                0x00000031       0x31 ..\obj\main.o
 .ARM.attributes
                0x00000062       0x21 ..\obj\startup_stm32f0xx.o
 .ARM.attributes
                0x00000083       0x31 ..\obj\stm32f0xx_gpio.o
 .ARM.attributes
                0x000000b4       0x31 ..\obj\system_stm32f0xx.o
 .ARM.attributes
                0x000000e5       0x31 ..\obj\stm32f0xx_can.o
 .ARM.attributes
                0x00000116       0x31 ..\obj\stm32f0xx_misc.o
 .ARM.attributes
                0x00000147       0x1e c:/program files (x86)/gnu tools arm embedded/4.9 2015q1/bin/../lib/gcc/arm-none-eabi/4.9.3/armv6-m\libgcc.a(_udivsi3.o)
 .ARM.attributes
                0x00000165       0x1e c:/program files (x86)/gnu tools arm embedded/4.9 2015q1/bin/../lib/gcc/arm-none-eabi/4.9.3/armv6-m\libgcc.a(_dvmd_tls.o)

.debug_frame    0x00000000      0xc2c
 .debug_frame   0x00000000      0x524 ..\obj\stm32f0xx_rcc.o
 .debug_frame   0x00000524      0x12c ..\obj\main.o
 .debug_frame   0x00000650      0x1b0 ..\obj\stm32f0xx_gpio.o
 .debug_frame   0x00000800       0x6c ..\obj\system_stm32f0xx.o
 .debug_frame   0x0000086c      0x330 ..\obj\stm32f0xx_can.o
 .debug_frame   0x00000b9c       0x70 ..\obj\stm32f0xx_misc.o
 .debug_frame   0x00000c0c       0x20 c:/program files (x86)/gnu tools arm embedded/4.9 2015q1/bin/../lib/gcc/arm-none-eabi/4.9.3/armv6-m\libgcc.a(_udivsi3.o)
